// Jest Snapshot v1, https://goo.gl/fbAQLP

exports[`should render ExpenseListItem correctly 1`] = `
<Link
  className="list-item"
  replace={false}
  to="/edit/2"
>
  <div>
    <h3
      className="list-item--title"
    >
      Rent
    </h3>
    <span
      className="list-item__sub-title"
    >
       
      28th Dec 1969
    </span>
  </div>
  <h3
    className="list-item--data"
  >
     
    $1,095.00
  </h3>
</Link>
`;
